2025-05-10 22:56:35,726 - INFO - Found 2 job(s) to apply for.
2025-05-10 22:56:35,727 - INFO - Applying for job 1/2: https://boards.greenhouse.io/coherehealth/jobs/6546331003
2025-05-10 22:56:36,098 - INFO - Detected Chrome version: 136.0.7103.93
2025-05-10 22:56:36,098 - INFO - ====== WebDriver manager ======
2025-05-10 22:56:36,182 - INFO - Get LATEST chromedriver version for google-chrome
2025-05-10 22:56:36,225 - INFO - Get LATEST chromedriver version for google-chrome
2025-05-10 22:56:36,250 - INFO - Driver [/Users/hrinnova-path.com/.wdm/drivers/chromedriver/mac64/136.0.7103.92/chromedriver-mac-arm64/chromedriver] found in cache
2025-05-10 22:56:37,117 - INFO - patching driver executable /Users/hrinnova-path.com/Library/Application Support/undetected_chromedriver/undetected_chromedriver
2025-05-10 22:56:41,627 - INFO - Applying to: https://boards.greenhouse.io/coherehealth/jobs/6546331003
2025-05-10 22:56:43,046 - INFO - Sleeping for 5.77 seconds.
2025-05-10 22:56:48,912 - INFO - 'Apply' button clicked using selector: //button[contains(text(), 'Apply')]
2025-05-10 22:56:48,913 - INFO - Sleeping for 7.03 seconds.
2025-05-10 22:56:56,335 - INFO - first_name filled.
2025-05-10 22:56:56,372 - INFO - last_name filled.
2025-05-10 22:56:56,467 - INFO - email filled.
2025-05-10 22:56:56,535 - INFO - phone filled.
2025-05-10 22:56:56,542 - INFO - linkedin field not found. It might be optional.
2025-05-10 22:56:56,547 - INFO - location field not found. It might be optional.
2025-05-10 22:56:56,547 - INFO - Sleeping for 2.03 seconds.
2025-05-10 22:56:58,603 - INFO - Location input field not found. Skipping.
2025-05-10 22:56:58,603 - INFO - Sleeping for 2.49 seconds.
2025-05-10 22:57:01,152 - INFO - Resume uploaded.
2025-05-10 22:57:01,153 - INFO - Sleeping for 6.07 seconds.
2025-05-10 22:57:07,277 - INFO - No answer found for input field: First Name
2025-05-10 22:57:07,280 - INFO - No answer found for input field: Last Name
2025-05-10 22:57:07,283 - INFO - No answer found for input field: Preferred First Name
2025-05-10 22:57:07,285 - INFO - No answer found for input field: Email
2025-05-10 22:57:07,288 - INFO - No answer found for input field: Phone
2025-05-10 22:57:07,290 - INFO - Filling input field: LinkedIn Profile
2025-05-10 22:57:07,333 - INFO - No answer found for input field: Website
2025-05-10 22:57:07,345 - INFO - No answer found for input field: If you answered "yes" to the above, what is the name of the employee? If you answered "no", please type "N/A."
2025-05-10 22:57:07,347 - INFO - No answer found for input field: What is your legal mailing address?
2025-05-10 22:57:07,357 - INFO - No answer found for input field: I HAVE READ THE CERTIFICATION ABOVE AND UNDERSTAND AND AGREE TO ITS TERMS. Please type your name and the date.
2025-05-10 22:57:09,449 - INFO - 'Submit' button clicked using selector: button[type='submit']
2025-05-10 22:57:17,467 - INFO - All required fields filled. Proceeding with submission.
2025-05-10 22:57:17,469 - ERROR - Error while submitting: Message: no such window: target window already closed
from unknown error: web view not found
  (Session info: chrome=136.0.7103.93)
Stacktrace:
0   undetected_chromedriver             0x00000001051e28b8 undetected_chromedriver + 5986488
1   undetected_chromedriver             0x00000001051d99ea undetected_chromedriver + 5949930
2   undetected_chromedriver             0x0000000104c92600 undetected_chromedriver + 415232
3   undetected_chromedriver             0x0000000104c67580 undetected_chromedriver + 238976
4   undetected_chromedriver             0x0000000104d12898 undetected_chromedriver + 940184
5   undetected_chromedriver             0x0000000104d30f2c undetected_chromedriver + 1064748
6   undetected_chromedriver             0x0000000104d0a0e3 undetected_chromedriver + 905443
7   undetected_chromedriver             0x0000000104cd661d undetected_chromedriver + 693789
8   undetected_chromedriver             0x0000000104cd7281 undetected_chromedriver + 696961
9   undetected_chromedriver             0x00000001051a0580 undetected_chromedriver + 5715328
10  undetected_chromedriver             0x00000001051a4445 undetected_chromedriver + 5731397
11  undetected_chromedriver             0x000000010517aed0 undetected_chromedriver + 5562064
12  undetected_chromedriver             0x00000001051a4e7b undetected_chromedriver + 5734011
13  undetected_chromedriver             0x0000000105169de4 undetected_chromedriver + 5492196
14  undetected_chromedriver             0x00000001051c7a98 undetected_chromedriver + 5876376
15  undetected_chromedriver             0x00000001051c7c60 undetected_chromedriver + 5876832
16  undetected_chromedriver             0x00000001051d95b1 undetected_chromedriver + 5948849
17  libsystem_pthread.dylib             0x00007ff8141d4df1 _pthread_start + 99
18  libsystem_pthread.dylib             0x00007ff8141d0857 thread_start + 15

2025-05-10 22:57:17,470 - ERROR - Error applying to https://boards.greenhouse.io/coherehealth/jobs/6546331003: name 'results_filename' is not defined
2025-05-10 22:57:17,689 - INFO - Sleeping for 7.68 seconds.
